<dataset>
    <AMIZADE REMETENTE='email1@email.com' DESTINATARIO='email2@email.com' STATUS='0' />
</dataset>