<dataset>
    <COMENTARIO comentario="comentario" tpc_id="0" usr_email="email1@email.com"/>
</dataset>